\BOOKMARK [1][-]{section.1}{\376\377\000O\000b\000j\000e\000c\000t\000i\000f\000\040\000d\000e\000\040\000l\000a\000\040\000p\000r\000\351\000s\000e\000n\000t\000a\000t\000i\000o\000n}{}% 1
\BOOKMARK [1][-]{section.2}{\376\377\000P\000l\000a\000n\000\040\000c\000o\000n\000s\000e\000i\000l\000l\000\351\000\040\000p\000o\000u\000r\000\040\000l\000'\000o\000r\000a\000l}{}% 2
\BOOKMARK [1][-]{section.3}{\376\377\000I\000n\000t\000r\000o\000d\000u\000c\000t\000i\000o\000n\000\040\000\340\000\040\000p\000r\000\351\000s\000e\000n\000t\000e\000r}{}% 3
\BOOKMARK [2][-]{subsection.3.1}{\376\377\000P\000o\000i\000n\000t\000s\000\040\000\340\000\040\000m\000a\000\356\000t\000r\000i\000s\000e\000r}{section.3}% 4
\BOOKMARK [1][-]{section.4}{\376\377\000P\000r\000o\000b\000l\000\351\000m\000a\000t\000i\000q\000u\000e}{}% 5
\BOOKMARK [2][-]{subsection.4.1}{\376\377\000C\000e\000\040\000q\000u\000'\000i\000l\000\040\000f\000a\000u\000t\000\040\000e\000x\000p\000l\000i\000q\000u\000e\000r}{section.4}% 6
\BOOKMARK [1][-]{section.5}{\376\377\000O\000b\000j\000e\000c\000t\000i\000f\000s\000\040\000d\000u\000\040\000p\000r\000o\000j\000e\000t}{}% 7
\BOOKMARK [1][-]{section.6}{\376\377\000C\000o\000n\000c\000e\000p\000t\000s\000\040\000\340\000\040\000m\000a\000\356\000t\000r\000i\000s\000e\000r}{}% 8
\BOOKMARK [2][-]{subsection.6.1}{\376\377\000L\000a\000k\000e\000h\000o\000u\000s\000e}{section.6}% 9
\BOOKMARK [2][-]{subsection.6.2}{\376\377\000M\000o\000d\000\350\000l\000e\000\040\000B\000r\000o\000n\000z\000e\000,\000\040\000S\000i\000l\000v\000e\000r\000,\000\040\000G\000o\000l\000d}{section.6}% 10
\BOOKMARK [2][-]{subsection.6.3}{\376\377\000K\000u\000b\000e\000r\000n\000e\000t\000e\000s\000\040\000e\000t\000\040\000A\000W\000S\000\040\000E\000K\000S}{section.6}% 11
\BOOKMARK [2][-]{subsection.6.4}{\376\377\000O\000p\000e\000r\000a\000t\000o\000r\000s}{section.6}% 12
\BOOKMARK [1][-]{section.7}{\376\377\000A\000r\000c\000h\000i\000t\000e\000c\000t\000u\000r\000e\000\040\000g\000l\000o\000b\000a\000l\000e\000\040\000\340\000\040\000e\000x\000p\000l\000i\000q\000u\000e\000r}{}% 13
\BOOKMARK [2][-]{subsection.7.1}{\376\377\000R\000\364\000l\000e\000\040\000d\000e\000s\000\040\000c\000o\000m\000p\000o\000s\000a\000n\000t\000s}{section.7}% 14
\BOOKMARK [1][-]{section.8}{\376\377\000R\000\351\000a\000l\000i\000s\000a\000t\000i\000o\000n\000\040\000p\000a\000r\000\040\000p\000h\000a\000s\000e\000s}{}% 15
\BOOKMARK [2][-]{subsection.8.1}{\376\377\000P\000h\000a\000s\000e\000\040\0001\000\040\000:\000\040\000L\000a\000n\000d\000i\000n\000g\000\040\000z\000o\000n\000e\000\040\000A\000W\000S\000/\000E\000K\000S}{section.8}% 16
\BOOKMARK [2][-]{subsection.8.2}{\376\377\000P\000h\000a\000s\000e\000\040\0002\000\040\000:\000\040\000S\000t\000o\000c\000k\000a\000g\000e\000\040\000L\000a\000k\000e\000h\000o\000u\000s\000e}{section.8}% 17
\BOOKMARK [2][-]{subsection.8.3}{\376\377\000P\000h\000a\000s\000e\000\040\0003\000\040\000:\000\040\000I\000n\000g\000e\000s\000t\000i\000o\000n}{section.8}% 18
\BOOKMARK [2][-]{subsection.8.4}{\376\377\000P\000h\000a\000s\000e\000\040\0004\000\040\000:\000\040\000T\000r\000a\000n\000s\000f\000o\000r\000m\000a\000t\000i\000o\000n\000\040\000e\000t\000\040\000o\000r\000c\000h\000e\000s\000t\000r\000a\000t\000i\000o\000n}{section.8}% 19
\BOOKMARK [2][-]{subsection.8.5}{\376\377\000P\000h\000a\000s\000e\000\040\0005\000\040\000:\000\040\000S\000e\000r\000v\000i\000n\000g\000\040\000e\000t\000\040\000B\000I}{section.8}% 20
\BOOKMARK [2][-]{subsection.8.6}{\376\377\000S\000\351\000c\000u\000r\000i\000t\000\351\000\040\000e\000t\000\040\000o\000b\000s\000e\000r\000v\000a\000b\000i\000l\000i\000t\000\351}{section.8}% 21
\BOOKMARK [1][-]{section.9}{\376\377\000R\000\351\000s\000u\000l\000t\000a\000t\000s\000\040\000o\000b\000t\000e\000n\000u\000s}{}% 22
\BOOKMARK [1][-]{section.10}{\376\377\000D\000i\000f\000f\000i\000c\000u\000l\000t\000\351\000s\000\040\000r\000e\000n\000c\000o\000n\000t\000r\000\351\000e\000s}{}% 23
\BOOKMARK [1][-]{section.11}{\376\377\000L\000i\000m\000i\000t\000e\000s\000\040\000e\000t\000\040\000p\000e\000r\000s\000p\000e\000c\000t\000i\000v\000e\000s}{}% 24
\BOOKMARK [1][-]{section.12}{\376\377\000Q\000u\000e\000s\000t\000i\000o\000n\000s\000\040\000p\000r\000o\000b\000a\000b\000l\000e\000s\000\040\000d\000u\000\040\000j\000u\000r\000y}{}% 25
\BOOKMARK [1][-]{section.13}{\376\377\000P\000i\000t\000c\000h\000\040\000f\000i\000n\000a\000l\000\040\000\340\000\040\000m\000\351\000m\000o\000r\000i\000s\000e\000r}{}% 26
\BOOKMARK [1][-]{section.14}{\376\377\000C\000o\000n\000s\000e\000i\000l\000s\000\040\000p\000o\000u\000r\000\040\000l\000e\000\040\000j\000o\000u\000r\000\040\000J}{}% 27
